---
source: monad-peer-discovery/src/message.rs
expression: "hex::encode(encoded)"
---
"f901190104f901148203e7a102701ab9b0690598ba69bb2d7fe50be646388ad995f535c52c2bc94aa95cf4d0c7f8edf84dc984c0a80101821f4001b84180afa23fef5d072302660c7544b5ee421c5a89ea93b23756f6cdc77118d0a4b427e3e06b39dcf15f2133a3aeb002b2db1e5780b8d627b31194d48c4c5f6b81c601f84dc984c0a80102821f4102b841f4c5a8fbcf6e526e2e9ea75375c75b2e9ea38a551db568a2e41e1d813e5b18812e5e6b5de91db9f08621ae01316df54a6bb9d8e08da51abed08ec9ee79b6294000f84dc984c0a80103821f4203b8413a1f7f1664564de4f2aa3ea469420feb47ce5257012462fef450f7bc46424ade5be6850ed61177d6bbdc1fcf0a6996b6e144a441ce5f6cb0ef4b5ea34ff3cd8c01"
