---
source: monad-peer-discovery/src/message.rs
expression: "hex::encode(encoded)"
---
"c20106"
