---
source: monad-peer-discovery/src/message.rs
expression: "hex::encode(encoded)"
---
"f8560101f852820101f84dc9847f000001821f4002b84152b7b72989e5d0823814ef25576b6d24359040b6024b56133842902fa50fb14b52b0fd7d9bf02471185f99960181dd1c4091c82e3f4b831f0c3c4554d7dcd08001"
