---
source: monad-peer-discovery/src/message.rs
expression: "hex::encode(encoded)"
---
"c70102c47b8201c8"
