---
source: monad-raptorcast/src/message.rs
expression: hex_encoded
---
c6c2010101c12a
